node.exe : FAIL tests/performance.test.js
No linha:1 caractere:1
+ & "C:\Program Files\nodejs/node.exe" 
"C:\Users\victo\AppData\Roaming\ ...
+ ~~~~~~~~~~~~~~~~~~~~~~~~~~~~~~~~~~~~~~~~~~~~~~~
~~~~~~~~~~~~~~~~~~~~~~
    + CategoryInfo          : NotSpecified: (FAI 
   L tests/performance.test.js:String) [], Remo  
  teException
    + FullyQualifiedErrorId : NativeCommandError
 
  ÔùÅ Test suite failed to run

    Cannot find module 
'../src/middlewares/authMiddleware' from 
'tests/performance.test.js'

    [0m [90m  5 |[39m
     [90m  6 |[39m [90m// Mock authentication 
middleware to bypass login[39m
    [31m[1m>[22m[39m[90m  7 |[39m jest[33m
.[39mmock([32m'../src/middlewares/authMiddlewar
e'[39m[33m,[39m () [33m=>[39m {
     [90m    |[39m      [31m[1m^[22m[39m
     [90m  8 |[39m     [36mreturn[39m 
(req[33m,[39m res[33m,[39m next) 
[33m=>[39m {
     [90m  9 |[39m         req[33m.[39muser 
[33m=[39m { id[33m:[39m 
[35m1[39m[33m,[39m patient_id[33m:[39m 
[35m1[39m[33m,[39m email[33m:[39m 
[32m'test@example.com'[39m }[33m;[39m
     [90m 10 |[39m         
next()[33m;[39m[0m

      at Resolver._throwModNotFoundError 
(node_modules/jest-resolve/build/index.js:863:11)
      at Object.mock 
(tests/performance.test.js:7:6)

Test Suites: 1 failed, 1 total
Tests:       0 total
Snapshots:   0 total
Time:        0.25 s
Ran all test suites matching 
tests/performance.test.js.
